66:C:\Program Files (x86)\Lua\5.1\lua\luassert\spy.lua
0 0 0 0 0 0 4 0 2 2 0 0 2 0 0 0 2 2 0 0 2 2 2 0 0 0 2 2 0 0 2 2 2 2 2 2 0 0 0 2 2 0 0 0 0 4 0 0 2 2 0 0 0 0 0 0 2 2 2 2 2 2 2 2 2 2 
220:c:\Games\World of Warcraft 3.3.0\Interface\AddOns\GHP\TEST\busted_bootstrap
0 0 0 0 0 0 0 0 0 0 0 0 0 0 0 0 0 0 0 0 0 0 0 0 0 0 0 0 0 0 0 0 0 0 0 0 0 0 0 0 0 0 2 2 2 2 0 0 0 0 0 0 0 0 0 0 0 0 0 0 0 0 0 0 0 0 0 0 0 0 0 0 0 0 0 0 0 0 0 0 0 0 0 0 0 0 0 0 0 0 0 0 0 0 0 0 0 0 0 0 0 0 0 0 0 0 0 0 0 0 0 0 0 0 0 0 0 0 0 0 2 2 2 2 0 0 2 0 0 2 0 0 0 2 0 2 2 2 2 2 0 0 2 2 0 0 0 0 0 2 2 0 0 0 2 0 2 2 0 0 0 0 0 0 0 0 2 2 0 0 0 0 2 2 2 2 2 2 2 2 2 2 2 0 0 2 2 4 0 2 0 0 4 0 2 2 0 0 2 2 0 0 0 0 0 0 0 0 0 0 0 0 2 2 0 2 0 0 0 2 
186:C:\Program Files (x86)\Lua\5.1\lua\busted\core.lua
0 0 6 0 6 0 0 0 0 0 0 0 2 2 0 0 0 9 0 9 9 9 9 0 0 9 0 0 0 0 9 0 9 0 9 0 9 0 0 0 9 0 0 9 9 0 0 9 2 0 0 0 30 12 0 18 0 0 18 18 0 0 0 0 0 0 0 0 0 0 0 0 18 0 0 0 2 0 0 0 6 0 6 0 0 0 0 0 0 6 0 0 6 6 0 6 0 6 19 13 9 9 0 9 0 9 9 4 8 0 0 0 0 13 0 0 0 6 0 6 6 4 0 2 0 2 0 0 0 0 0 0 0 0 0 0 0 0 2 0 2 0 2 2 0 0 0 0 6 37 31 31 4 22 18 4 27 9 0 0 6 2 0 2 2 2 0 0 2 0 2 0 0 0 2 0 2 0 0 0 2 2 0 0 2 2 
84:C:\Program Files (x86)\Lua\5.1\lua\luacov\stats.lua
0 0 0 0 0 0 0 0 0 0 0 0 0 0 0 0 0 0 0 0 0 0 0 0 0 0 0 0 0 0 0 0 0 0 0 0 0 0 0 0 0 0 0 0 0 0 0 0 0 0 0 0 0 0 0 0 0 0 0 0 0 0 0 0 0 0 0 0 0 0 0 0 2 8 8 8 1116 1112 1112 795 0 1118 0 6 
150:C:\Program Files (x86)\Lua\5.1\lua\busted\output\plain_terminal.lua
0 0 0 0 0 2 0 0 0 0 0 0 0 2 0 0 0 0 0 0 0 2 0 0 18 2 0 0 0 2 0 0 0 2 0 0 9 2 0 0 2 2 2 0 2 0 2 0 0 0 2 2 0 0 0 0 2 2 0 0 0 0 2 2 2 0 0 2 2 2 2 2 2 0 0 2 2 2 2 2 0 11 9 0 0 0 0 0 0 9 9 9 0 0 0 0 0 0 0 0 0 0 0 0 0 0 0 0 0 0 0 2 2 0 2 2 2 2 0 0 2 2 2 0 0 2 4 0 0 4 0 0 2 2 2 0 0 9 2 0 7 0 0 9 9 11 2 2 0 2 
78:C:\Program Files (x86)\Lua\5.1\lua\busted\init.lua
0 0 0 0 0 0 0 0 0 0 0 0 0 0 0 0 0 0 0 0 4 4 0 4 0 0 0 0 0 0 4 0 0 4 4 4 4 4 4 4 0 0 4 0 0 0 4 0 0 0 4 0 4 0 4 0 4 4 0 0 9 0 9 0 0 0 0 0 0 0 0 0 9 9 0 0 0 9 
99:C:\Program Files (x86)\Lua\5.1\lua\luassert\assertions.lua
0 0 0 0 0 0 0 0 0 0 0 0 2 2 8 24 18 12 0 0 12 0 0 0 0 0 0 2 0 0 0 2 2 2 2 0 2 2 2 0 0 0 0 0 0 4 4 4 8 4 2 0 0 0 0 0 0 2 0 0 0 0 0 0 0 4 0 0 0 6 0 0 0 2 0 0 0 2 2 0 2 2 0 2 0 2 2 2 2 2 2 0 2 0 0 0 4 4 4 
88:C:\Program Files (x86)\Lua\5.1\lua\luassert\util.lua
0 0 10 10 10 0 10 4 4 0 4 0 0 0 4 0 10 6 6 0 10 0 0 6 0 4 0 0 0 0 0 0 0 0 0 0 0 0 2 2 2 2 2 2 0 0 0 0 2 2 0 2 0 0 0 0 0 6 4 0 0 2 2 0 0 0 0 0 0 0 0 0 2 2 0 2 0 0 0 0 0 4 2 0 0 2 2 2 
44:C:\Program Files (x86)\Lua\5.1\lua\pl\init.lua
0 0 0 0 0 0 0 0 0 0 0 0 0 0 0 0 0 0 0 0 0 0 0 0 0 0 0 0 0 0 0 0 0 4 0 0 4 0 0 0 4 0 0 4 
10:C:\Program Files (x86)\Lua\5.1\lua\luassert\modifiers.lua
0 0 0 0 14 0 0 0 2 2 
163:C:\Program Files (x86)\Lua\5.1\lua\luassert\assert.lua
0 0 0 0 0 0 0 0 0 0 0 0 0 0 0 0 0 0 0 0 0 0 0 0 36 80 44 0 0 0 36 36 80 44 44 44 42 42 0 0 0 0 36 0 0 0 36 0 0 0 0 42 42 42 42 42 0 42 22 0 0 0 0 0 0 22 0 0 20 0 0 0 0 0 0 24 24 24 0 0 0 36 0 0 36 78 42 20 20 22 22 22 0 0 36 0 0 0 0 22 0 0 0 0 0 0 0 0 0 0 0 0 0 0 0 0 0 0 0 0 0 0 0 0 0 0 0 0 0 0 0 0 0 0 0 0 0 0 0 0 0 0 0 0 0 0 0 0 0 0 0 0 0 0 0 8 0 0 8 0 0 0 22 
46:C:\Program Files (x86)\Lua\5.1\lua\say\init.lua
0 0 0 0 0 0 0 0 0 0 0 0 0 0 0 0 0 0 0 0 0 0 0 0 0 0 0 0 0 0 0 20 0 20 0 20 0 0 20 20 0 44 24 0 0 20 
1:.\test2.lua
1 
48:test.lua
4 4 4 2 4 0 4 0 2 0 0 2 0 2 0 2 0 0 0 2 2 0 2 4 4 0 4 2 4 0 4 2 4 2 0 2 2 0 2 2 4 2 5 1 2 0 2 3 
